[backblue.gif]
[fade.gif]
[index.html]
[cdn.jsdelivr.net/jquery.slick/1.8.0/slick.0.delayed]
[cdn.jsdelivr.net/jquery.slick/1.8.0/slick.min.js]
[ajax.googleapis.com/ajax/libs/jquery/3.2.1/jquery.min.js]
[getze.us/img/logo-large.png]
[i.imgur.com/0ndyydh.jpg]
[i.imgur.com/ggMaZFS.jpg]
[i.imgur.com/IR97EOj.jpg]
[i.imgur.com/uyMCxkN.jpg]
[i.imgur.com/iCmheJW.jpg]
[i.imgur.com/cISDFqh.jpg]
[i.imgur.com/Mm24ymd.jpg]
[i.imgur.com/BhWATKe.jpg]
[i.imgur.com/Zu1aGFO.jpg]
[i.imgur.com/4N0Wl41.jpg]
[i.imgur.com/gUik1VU.jpg]
[getze.us/img/back.png]
[getze.us/index.html]
[cdn.jsdelivr.net/jquery.slick/1.8.0/slick.css]
[cdn.jsdelivr.net/jquery.slick/1.8.0/slick.min.js]
[getze.us/css/style.css]
[getze.us/img/next.png]
[www.google.com/recaptcha/api.js]
[getze.us/verify/raw_logo2.png.4718e57caadee8985475a25819362e80.png]
[getze.us/forum/index.html]
[getze.us/forum/uploads/set_resources_2/d0e70b4cbb9ab8afb1bc1065a3f8487a_subitem_stem.png]
[getze.us/forum/uploads/set_resources_2/d0e70b4cbb9ab8afb1bc1065a3f8487a_subitem_stem_rtl.png]
[getze.us/forum/applications/core/interface/font/icomoon2f56.eot]
[getze.us/forum/applications/core/interface/font/icomoon.eot]
[getze.us/forum/applications/core/interface/font/icomoon2f56.woff]
[getze.us/forum/applications/core/interface/font/icomoon2f56.ttf]
[getze.us/forum/applications/core/interface/font/fontawesome-webfont3e6e.eot]
[getze.us/forum/applications/core/interface/font/fontawesome-webfont.eot]
[getze.us/forum/applications/core/interface/font/fontawesome-webfont3e6e.woff]
[getze.us/forum/applications/core/interface/font/fontawesome-webfont3e6e.ttf]
[getze.us/forum/uploads/set_resources_2/84c1e40ea0e759e3f1505eb1788ddf3c_select_dropdown.png]
[getze.us/forum/uploads/set_resources_2/84c1e40ea0e759e3f1505eb1788ddf3c_select_dropdown_rtl.png]
[getze.us/forum/uploads/set_resources_2/cf5a1e7fc191338071d07df134b620d0_tiny_loading.gif]
[getze.us/forum/uploads/set_resources_2/cf5a1e7fc191338071d07df134b620d0_tiny_loading@2x.gif]
[getze.us/verify/341e4a57816af3ba440d891ca87450ff_framework.css.07f5fc8629b089fe04c6dd8d73d0554d.css]
[getze.us/verify/05e81b71abe4f22d6eb8d1a929494829_responsive.css.a758d58fc7c6941f03a04ee140b33f2f.css]
[i.imgur.com/khMUXCX.jpg]
[getze.us/verify/90eb5adf50a8c640f633d47fd7eb1778_core.css.e985e122421eb92193728ac109757a27.css]
[getze.us/verify/5a0da001ccc2200dc5625c3f3934497d_core_responsive.css.052d48430bac0d3f41f986e8b5e35aa0.css]
[getze.us/verify/62e269ced0fdab7e30e026f1d30ae516_forums.css.a48924238aadaef2438096a70c34aa42.css]
[getze.us/verify/76e62c573090645fb99a15a363d8620e_forums_responsive.css.01c832b1f148f8ed807475fa29d77709.css]
[i.imgur.com/PcGwtKl.png]
[getze.us/verify/258adbb6e4f3e83cd3b355f84e3fa002_custom.css.4d057bbd0383f6e5f141df0cc330235e.css]
[getze.us/forum/indexd8a8.html]
[getze.us/forum/applications/core/interface/font/icomoon2f56.svg]
[getze.us/forum/applications/core/interface/font/fontawesome-webfont3e6e.html]
[getze.us/forum/applications/core/interface/font/fontawesome-webfont3e6e.svg]
